// Jest Snapshot v1, https://goo.gl/fbAQLP

exports[`should render header correctly 1`] = `
<header>
  <h1>
    expensify
  </h1>
  <NavLink
    activeClassName="is_active"
    aria-current="page"
    exact={true}
    to="/"
  >
    dashboard
  </NavLink>
  <NavLink
    activeClassName="is_active"
    aria-current="page"
    to="/create"
  >
    create page
  </NavLink>
</header>
`;
